// Jest Snapshot v1, https://goo.gl/fbAQLP

exports[`DateTime schema should match 1`] = `"scalar DateTime"`;
